
> backend@1.0.0 test
> jest src/tests/auth.test.ts

  console.log
    [dotenv@17.2.3] injecting env (1) from .env -- tip: Γ£à audit secrets and track compliance: https://dotenvx.com/ops

      at _log (node_modules/dotenv/lib/main.js:142:11)

  console.log
    Registering check-email route

      at Object.<anonymous> (src/routes/v1/auth.routes.ts:25:9)

node.exe : FAIL src/tests/auth.test.ts
At line:1 char:1
+ & "C:\Program 
Files\nodejs/node.exe" "C:\Program 
Files\nodejs/node_mo ...
+ ~~~~~~~~~~~~~~~~~~~~~~~~~~~~~~~~~~~~
~~~~~~~~~~~~~~~~~~~~~~~~~~~~~~~~~
    + CategoryInfo          : NotSpec 
   ified: (FAIL src/tests/auth.test.  
  ts:String) [], RemoteException
    + FullyQualifiedErrorId : NativeC 
   ommandError
 
  ΓùÅ Test suite failed to run

    [96msrc/routes/v1/activity.routes
.ts[0m:[93m2[0m:[93m31[0m - 
[91merror[0m[90m TS2307: 
[0mCannot find module 
'../controllers/activity.controller' 
or its corresponding type 
declarations.

    [7m2[0m import { getActivities 
} from 
'../controllers/activity.controller';
    [7m [0m [91m                   
           ~~~~~~~~~~~~~~~~~~~~~~~~~~~
~~~~~~~~~[0m
    [96msrc/routes/v1/activity.routes
.ts[0m:[93m3[0m:[93m21[0m - 
[91merror[0m[90m TS2307: 
[0mCannot find module 
'../middlewares/auth.middleware' or 
its corresponding type declarations.

    [7m3[0m import protect from 
'../middlewares/auth.middleware';
    [7m [0m [91m                   
 ~~~~~~~~~~~~~~~~~~~~~~~~~~~~~~~~[0m

Test Suites: 1 failed, 1 total
Tests:       0 total
Snapshots:   0 total
Time:        10.958 s
Ran all test suites matching 
src/tests/auth.test.ts.
Force exiting Jest: Have you 
considered using 
`--detectOpenHandles` to detect async 
operations that kept running after 
all tests finished?
